[robosuite WARNING] No private macro file found! (__init__.py:7)
WARNING:robosuite_logs:No private macro file found!
[robosuite WARNING] It is recommended to use a private macro file (__init__.py:8)
WARNING:robosuite_logs:It is recommended to use a private macro file
[robosuite WARNING] To setup, run: python /opt/conda/lib/python3.11/site-packages/robosuite/scripts/setup_macros.py (__init__.py:9)
WARNING:robosuite_logs:To setup, run: python /opt/conda/lib/python3.11/site-packages/robosuite/scripts/setup_macros.py
WARNING:root:Vision embedding key might need handling: model.paligemma_with_expert.paligemma.model.vision_tower.vision_model.embeddings.patch_embedding.bias
WARNING:root:Vision embedding key might need handling: model.paligemma_with_expert.paligemma.model.vision_tower.vision_model.embeddings.patch_embedding.weight
[info] using task orders [0, 1, 2, 3, 4, 5, 6, 7, 8, 9]
The PI05 model is a direct port of the OpenPI implementation. 
This implementation follows the original OpenPI structure for compatibility. 
Original implementation: https://github.com/Physical-Intelligence/openpi
Loading model from: lerobot/pi05_libero_finetuned_v044
✓ Loaded state dict from model.safetensors
Warning: Could not remap state dict keys: Error(s) in loading state_dict for PI05Policy:
	Missing key(s) in state_dict: "model.paligemma_with_expert.paligemma.model.language_model.embed_tokens.weight". 
Local assets not found. Downloading from HuggingFace Hub...
Assets already downloaded at /root/.cache/libero/assets
[rollout] pair=1/12 cell=libero_goal_t0_vs_t6 init=33 condition=clean_A success_B=0 B_first=0 A_first=1 steps=300 wall=23.8s
[rollout] pair=1/12 cell=libero_goal_t0_vs_t6 init=33 condition=clean_B success_B=1 B_first=0 A_first=0 steps=84 wall=7.6s
[rollout] pair=1/12 cell=libero_goal_t0_vs_t6 init=33 condition=matched_full success_B=0 B_first=0 A_first=1 steps=300 wall=32.3s
[rollout] pair=2/12 cell=libero_goal_t0_vs_t9 init=33 condition=clean_A success_B=0 B_first=0 A_first=1 steps=300 wall=22.4s
[rollout] pair=2/12 cell=libero_goal_t0_vs_t9 init=33 condition=clean_B success_B=1 B_first=1 A_first=0 steps=136 wall=11.3s
[rollout] pair=2/12 cell=libero_goal_t0_vs_t9 init=33 condition=matched_full success_B=0 B_first=0 A_first=1 steps=300 wall=31.4s
[rollout] pair=3/12 cell=libero_goal_t2_vs_t3 init=33 condition=clean_A success_B=0 B_first=0 A_first=1 steps=300 wall=23.1s
[rollout] pair=3/12 cell=libero_goal_t2_vs_t3 init=33 condition=clean_B success_B=1 B_first=1 A_first=0 steps=188 wall=15.0s
[rollout] pair=3/12 cell=libero_goal_t2_vs_t3 init=33 condition=matched_full success_B=0 B_first=1 A_first=0 steps=300 wall=31.1s
[rollout] pair=4/12 cell=libero_goal_t2_vs_t5 init=33 condition=clean_A success_B=0 B_first=0 A_first=1 steps=300 wall=23.0s
[rollout] pair=4/12 cell=libero_goal_t2_vs_t5 init=33 condition=clean_B success_B=1 B_first=1 A_first=0 steps=139 wall=11.2s
[rollout] pair=4/12 cell=libero_goal_t2_vs_t5 init=33 condition=matched_full success_B=0 B_first=0 A_first=1 steps=300 wall=30.7s
[rollout] pair=5/12 cell=libero_goal_t3_vs_t2 init=33 condition=clean_A success_B=0 B_first=0 A_first=1 steps=300 wall=23.0s
[rollout] pair=5/12 cell=libero_goal_t3_vs_t2 init=33 condition=clean_B success_B=1 B_first=0 A_first=0 steps=86 wall=7.5s
[rollout] pair=5/12 cell=libero_goal_t3_vs_t2 init=33 condition=matched_full success_B=0 B_first=0 A_first=1 steps=300 wall=31.2s
[rollout] pair=6/12 cell=libero_goal_t3_vs_t5 init=33 condition=clean_A success_B=0 B_first=0 A_first=1 steps=300 wall=23.2s
[rollout] pair=6/12 cell=libero_goal_t3_vs_t5 init=33 condition=clean_B success_B=1 B_first=1 A_first=0 steps=133 wall=11.1s
[rollout] pair=6/12 cell=libero_goal_t3_vs_t5 init=33 condition=matched_full success_B=0 B_first=0 A_first=1 steps=300 wall=31.8s
[rollout] pair=7/12 cell=libero_goal_t5_vs_t2 init=33 condition=clean_A success_B=0 B_first=0 A_first=1 steps=300 wall=23.3s
[rollout] pair=7/12 cell=libero_goal_t5_vs_t2 init=33 condition=clean_B success_B=1 B_first=1 A_first=0 steps=89 wall=7.6s
[rollout] pair=7/12 cell=libero_goal_t5_vs_t2 init=33 condition=matched_full success_B=0 B_first=0 A_first=1 steps=300 wall=31.5s
[rollout] pair=8/12 cell=libero_goal_t5_vs_t3 init=33 condition=clean_A success_B=0 B_first=0 A_first=1 steps=300 wall=22.4s
[rollout] pair=8/12 cell=libero_goal_t5_vs_t3 init=33 condition=clean_B success_B=1 B_first=1 A_first=0 steps=181 wall=15.4s
[rollout] pair=8/12 cell=libero_goal_t5_vs_t3 init=33 condition=matched_full success_B=0 B_first=1 A_first=0 steps=300 wall=31.2s
[rollout] pair=9/12 cell=libero_goal_t6_vs_t0 init=33 condition=clean_A success_B=0 B_first=0 A_first=0 steps=300 wall=22.4s
[rollout] pair=9/12 cell=libero_goal_t6_vs_t0 init=33 condition=clean_B success_B=1 B_first=1 A_first=0 steps=127 wall=10.4s
[rollout] pair=9/12 cell=libero_goal_t6_vs_t0 init=33 condition=matched_full success_B=0 B_first=1 A_first=0 steps=300 wall=31.7s
[rollout] pair=10/12 cell=libero_goal_t6_vs_t9 init=33 condition=clean_A success_B=0 B_first=0 A_first=0 steps=300 wall=23.0s
[rollout] pair=10/12 cell=libero_goal_t6_vs_t9 init=33 condition=clean_B success_B=1 B_first=1 A_first=0 steps=145 wall=11.8s
[rollout] pair=10/12 cell=libero_goal_t6_vs_t9 init=33 condition=matched_full success_B=0 B_first=0 A_first=0 steps=300 wall=31.2s
[rollout] pair=11/12 cell=libero_goal_t9_vs_t0 init=33 condition=clean_A success_B=0 B_first=0 A_first=1 steps=300 wall=23.1s
[rollout] pair=11/12 cell=libero_goal_t9_vs_t0 init=33 condition=clean_B success_B=1 B_first=1 A_first=0 steps=113 wall=9.5s
[rollout] pair=11/12 cell=libero_goal_t9_vs_t0 init=33 condition=matched_full success_B=0 B_first=0 A_first=1 steps=300 wall=31.8s
[rollout] pair=12/12 cell=libero_goal_t9_vs_t6 init=33 condition=clean_A success_B=0 B_first=0 A_first=1 steps=300 wall=23.2s
[rollout] pair=12/12 cell=libero_goal_t9_vs_t6 init=33 condition=clean_B success_B=1 B_first=0 A_first=0 steps=85 wall=7.4s
[rollout] pair=12/12 cell=libero_goal_t9_vs_t6 init=33 condition=matched_full success_B=0 B_first=0 A_first=1 steps=300 wall=32.1s
{
  "schema_version": 1,
  "rows": 36,
  "episodes_per_condition": 12,
  "cells": [
    "libero_goal_t0_vs_t6",
    "libero_goal_t0_vs_t9",
    "libero_goal_t2_vs_t3",
    "libero_goal_t2_vs_t5",
    "libero_goal_t3_vs_t2",
    "libero_goal_t3_vs_t5",
    "libero_goal_t5_vs_t2",
    "libero_goal_t5_vs_t3",
    "libero_goal_t6_vs_t0",
    "libero_goal_t6_vs_t9",
    "libero_goal_t9_vs_t0",
    "libero_goal_t9_vs_t6"
  ],
  "counts": {
    "success_B": {
      "clean_A": 0,
      "clean_B": 12,
      "matched_full": 0
    },
    "B_target_first_touched": {
      "clean_A": 0,
      "clean_B": 9,
      "matched_full": 3
    },
    "A_target_first_touched": {
      "clean_A": 10,
      "clean_B": 0,
      "matched_full": 8
    },
    "touched_anything": {
      "clean_A": 12,
      "clean_B": 12,
      "matched_full": 12
    }
  },
  "cell_rates": {
    "success_B": {
      "clean_A": {
        "libero_goal_t0_vs_t6": 0.0,
        "libero_goal_t0_vs_t9": 0.0,
        "libero_goal_t2_vs_t3": 0.0,
        "libero_goal_t2_vs_t5": 0.0,
        "libero_goal_t3_vs_t2": 0.0,
        "libero_goal_t3_vs_t5": 0.0,
        "libero_goal_t5_vs_t2": 0.0,
        "libero_goal_t5_vs_t3": 0.0,
        "libero_goal_t6_vs_t0": 0.0,
        "libero_goal_t6_vs_t9": 0.0,
        "libero_goal_t9_vs_t0": 0.0,
        "libero_goal_t9_vs_t6": 0.0
      },
      "clean_B": {
        "libero_goal_t0_vs_t6": 1.0,
        "libero_goal_t0_vs_t9": 1.0,
        "libero_goal_t2_vs_t3": 1.0,
        "libero_goal_t2_vs_t5": 1.0,
        "libero_goal_t3_vs_t2": 1.0,
        "libero_goal_t3_vs_t5": 1.0,
        "libero_goal_t5_vs_t2": 1.0,
        "libero_goal_t5_vs_t3": 1.0,
        "libero_goal_t6_vs_t0": 1.0,
        "libero_goal_t6_vs_t9": 1.0,
        "libero_goal_t9_vs_t0": 1.0,
        "libero_goal_t9_vs_t6": 1.0
      },
      "matched_full": {
        "libero_goal_t0_vs_t6": 0.0,
        "libero_goal_t0_vs_t9": 0.0,
        "libero_goal_t2_vs_t3": 0.0,
        "libero_goal_t2_vs_t5": 0.0,
        "libero_goal_t3_vs_t2": 0.0,
        "libero_goal_t3_vs_t5": 0.0,
        "libero_goal_t5_vs_t2": 0.0,
        "libero_goal_t5_vs_t3": 0.0,
        "libero_goal_t6_vs_t0": 0.0,
        "libero_goal_t6_vs_t9": 0.0,
        "libero_goal_t9_vs_t0": 0.0,
        "libero_goal_t9_vs_t6": 0.0
      }
    },
    "B_target_first_touched": {
      "clean_A": {
        "libero_goal_t0_vs_t6": 0.0,
        "libero_goal_t0_vs_t9": 0.0,
        "libero_goal_t2_vs_t3": 0.0,
        "libero_goal_t2_vs_t5": 0.0,
        "libero_goal_t3_vs_t2": 0.0,
        "libero_goal_t3_vs_t5": 0.0,
        "libero_goal_t5_vs_t2": 0.0,
        "libero_goal_t5_vs_t3": 0.0,
        "libero_goal_t6_vs_t0": 0.0,
        "libero_goal_t6_vs_t9": 0.0,
        "libero_goal_t9_vs_t0": 0.0,
        "libero_goal_t9_vs_t6": 0.0
      },
      "clean_B": {
        "libero_goal_t0_vs_t6": 0.0,
        "libero_goal_t0_vs_t9": 1.0,
        "libero_goal_t2_vs_t3": 1.0,
        "libero_goal_t2_vs_t5": 1.0,
        "libero_goal_t3_vs_t2": 0.0,
        "libero_goal_t3_vs_t5": 1.0,
        "libero_goal_t5_vs_t2": 1.0,
        "libero_goal_t5_vs_t3": 1.0,
        "libero_goal_t6_vs_t0": 1.0,
        "libero_goal_t6_vs_t9": 1.0,
        "libero_goal_t9_vs_t0": 1.0,
        "libero_goal_t9_vs_t6": 0.0
      },
      "matched_full": {
        "libero_goal_t0_vs_t6": 0.0,
        "libero_goal_t0_vs_t9": 0.0,
        "libero_goal_t2_vs_t3": 1.0,
        "libero_goal_t2_vs_t5": 0.0,
        "libero_goal_t3_vs_t2": 0.0,
        "libero_goal_t3_vs_t5": 0.0,
        "libero_goal_t5_vs_t2": 0.0,
        "libero_goal_t5_vs_t3": 1.0,
        "libero_goal_t6_vs_t0": 1.0,
        "libero_goal_t6_vs_t9": 0.0,
        "libero_goal_t9_vs_t0": 0.0,
        "libero_goal_t9_vs_t6": 0.0
      }
    },
    "A_target_first_touched": {
      "clean_A": {
        "libero_goal_t0_vs_t6": 1.0,
        "libero_goal_t0_vs_t9": 1.0,
        "libero_goal_t2_vs_t3": 1.0,
        "libero_goal_t2_vs_t5": 1.0,
        "libero_goal_t3_vs_t2": 1.0,
        "libero_goal_t3_vs_t5": 1.0,
        "libero_goal_t5_vs_t2": 1.0,
        "libero_goal_t5_vs_t3": 1.0,
        "libero_goal_t6_vs_t0": 0.0,
        "libero_goal_t6_vs_t9": 0.0,
        "libero_goal_t9_vs_t0": 1.0,
        "libero_goal_t9_vs_t6": 1.0
      },
      "clean_B": {
        "libero_goal_t0_vs_t6": 0.0,
        "libero_goal_t0_vs_t9": 0.0,
        "libero_goal_t2_vs_t3": 0.0,
        "libero_goal_t2_vs_t5": 0.0,
        "libero_goal_t3_vs_t2": 0.0,
        "libero_goal_t3_vs_t5": 0.0,
        "libero_goal_t5_vs_t2": 0.0,
        "libero_goal_t5_vs_t3": 0.0,
        "libero_goal_t6_vs_t0": 0.0,
        "libero_goal_t6_vs_t9": 0.0,
        "libero_goal_t9_vs_t0": 0.0,
        "libero_goal_t9_vs_t6": 0.0
      },
      "matched_full": {
        "libero_goal_t0_vs_t6": 1.0,
        "libero_goal_t0_vs_t9": 1.0,
        "libero_goal_t2_vs_t3": 0.0,
        "libero_goal_t2_vs_t5": 1.0,
        "libero_goal_t3_vs_t2": 1.0,
        "libero_goal_t3_vs_t5": 1.0,
        "libero_goal_t5_vs_t2": 1.0,
        "libero_goal_t5_vs_t3": 0.0,
        "libero_goal_t6_vs_t0": 0.0,
        "libero_goal_t6_vs_t9": 0.0,
        "libero_goal_t9_vs_t0": 1.0,
        "libero_goal_t9_vs_t6": 1.0
      }
    },
    "touched_anything": {
      "clean_A": {
        "libero_goal_t0_vs_t6": 1.0,
        "libero_goal_t0_vs_t9": 1.0,
        "libero_goal_t2_vs_t3": 1.0,
        "libero_goal_t2_vs_t5": 1.0,
        "libero_goal_t3_vs_t2": 1.0,
        "libero_goal_t3_vs_t5": 1.0,
        "libero_goal_t5_vs_t2": 1.0,
        "libero_goal_t5_vs_t3": 1.0,
        "libero_goal_t6_vs_t0": 1.0,
        "libero_goal_t6_vs_t9": 1.0,
        "libero_goal_t9_vs_t0": 1.0,
        "libero_goal_t9_vs_t6": 1.0
      },
      "clean_B": {
        "libero_goal_t0_vs_t6": 1.0,
        "libero_goal_t0_vs_t9": 1.0,
        "libero_goal_t2_vs_t3": 1.0,
        "libero_goal_t2_vs_t5": 1.0,
        "libero_goal_t3_vs_t2": 1.0,
        "libero_goal_t3_vs_t5": 1.0,
        "libero_goal_t5_vs_t2": 1.0,
        "libero_goal_t5_vs_t3": 1.0,
        "libero_goal_t6_vs_t0": 1.0,
        "libero_goal_t6_vs_t9": 1.0,
        "libero_goal_t9_vs_t0": 1.0,
        "libero_goal_t9_vs_t6": 1.0
      },
      "matched_full": {
        "libero_goal_t0_vs_t6": 1.0,
        "libero_goal_t0_vs_t9": 1.0,
        "libero_goal_t2_vs_t3": 1.0,
        "libero_goal_t2_vs_t5": 1.0,
        "libero_goal_t3_vs_t2": 1.0,
        "libero_goal_t3_vs_t5": 1.0,
        "libero_goal_t5_vs_t2": 1.0,
        "libero_goal_t5_vs_t3": 1.0,
        "libero_goal_t6_vs_t0": 1.0,
        "libero_goal_t6_vs_t9": 1.0,
        "libero_goal_t9_vs_t0": 1.0,
        "libero_goal_t9_vs_t6": 1.0
      }
    }
  },
  "comparisons": {
    "success_B": {
      "matched_full_minus_clean_A": {
        "median_cell_difference": 0.0,
        "mean_cell_difference": 0.0,
        "bootstrap_95pct_interval_for_median": [
          0.0,
          0.0
        ],
        "exact_two_sided_sign_test_nonzero_cells": {
          "positive": 0,
          "negative": 0,
          "ties": 0,
          "p_two_sided": 1.0
        },
        "cell_differences": {
          "libero_goal_t0_vs_t6": 0.0,
          "libero_goal_t0_vs_t9": 0.0,
          "libero_goal_t2_vs_t3": 0.0,
          "libero_goal_t2_vs_t5": 0.0,
          "libero_goal_t3_vs_t2": 0.0,
          "libero_goal_t3_vs_t5": 0.0,
          "libero_goal_t5_vs_t2": 0.0,
          "libero_goal_t5_vs_t3": 0.0,
          "libero_goal_t6_vs_t0": 0.0,
          "libero_goal_t6_vs_t9": 0.0,
          "libero_goal_t9_vs_t0": 0.0,
          "libero_goal_t9_vs_t6": 0.0
        }
      }
    },
    "B_target_first_touched": {
      "matched_full_minus_clean_A": {
        "median_cell_difference": 0.0,
        "mean_cell_difference": 0.25,
        "bootstrap_95pct_interval_for_median": [
          0.0,
          0.5
        ],
        "exact_two_sided_sign_test_nonzero_cells": {
          "positive": 3,
          "negative": 0,
          "ties": 0,
          "p_two_sided": 0.25
        },
        "cell_differences": {
          "libero_goal_t0_vs_t6": 0.0,
          "libero_goal_t0_vs_t9": 0.0,
          "libero_goal_t2_vs_t3": 1.0,
          "libero_goal_t2_vs_t5": 0.0,
          "libero_goal_t3_vs_t2": 0.0,
          "libero_goal_t3_vs_t5": 0.0,
          "libero_goal_t5_vs_t2": 0.0,
          "libero_goal_t5_vs_t3": 1.0,
          "libero_goal_t6_vs_t0": 1.0,
          "libero_goal_t6_vs_t9": 0.0,
          "libero_goal_t9_vs_t0": 0.0,
          "libero_goal_t9_vs_t6": 0.0
        }
      }
    }
  },
  "median_steps": {
    "clean_A": 300.0,
    "clean_B": 130.0,
    "matched_full": 300.0
  }
}
